git checkout -b topicHomework
Switched to a new branch 'topicHomework'

PS C:\Users\User\OneDrive\Десктоп\kiii_1\solutions\act-03-git-homework> git branch
  master
  newBranch
  task3
  topic
* topicHomework

git add t3-rebase.txt
PS C:\Users\User\OneDrive\Десктоп\kiii_1\solutions\act-03-git-homework> git status
On branch topicHomework
Changes to be committed:
  (use "git restore --staged <file>..." to unstage)
        new file:   ../act-02-git-lab/t1-branching-basics.txt
        new file:   t3-rebase.txt

Untracked files:
  (use "git add <file>..." to include in what will be committed)
        ../act-02-git-lab/t3-merge.txt
        ../act-02-git-lab/t5-remotes.txt\

git commit -m "first commit for homework"
[topicHomework c091190] first commit for homework
 2 files changed, 34 insertions(+)
 create mode 100644 solutions/act-02-git-lab/t1-branching-basics.txt
 create mode 100644 solutions/act-03-git-homework/t3-rebase.txt

 --nova promena pravam
 git add t3-rebase.txt 
PS C:\Users\User\OneDrive\Десктоп\kiii_1\solutions\act-03-git-homework> git status
On branch topicHomework
Changes to be committed:
  (use "git restore --staged <file>..." to unstage)
        modified:   t3-rebase.txt

Untracked files:
  (use "git add <file>..." to include in what will be committed)
        ../act-02-git-lab/t3-merge.txt
        ../act-02-git-lab/t5-remotes.txt

PS C:\Users\User\OneDrive\Десктоп\kiii_1\solutions\act-03-git-homework> git commit -m "second commit for homework"

git commit -m "second commit for homework"
[topicHomework 9dd331a] second commit for homework
 1 file changed, 30 insertions(+)

 --nova promena za master pravam


git switch master
Switched to branch 'master'
Your branch is up to date with 'origin/master'.

 git add t3-rebase.txt
PS C:\Users\User\OneDrive\Десктоп\kiii_1\solutions\act-03-git-homework> git status
On branch master
Your branch is up to date with 'origin/master'.

Changes to be committed:
  (use "git restore --staged <file>..." to unstage)
        new file:   t3-rebase.txt

Untracked files:
  (use "git add <file>..." to include in what will be committed)
        ../act-02-git-lab/t3-merge.txt
        ../act-02-git-lab/t5-remotes.txt

PS C:\Users\User\OneDrive\Десктоп\kiii_1\solutions\act-03-git-homework> git commit -m "third commit on homework"
[master 42683be] third commit on homework
 1 file changed, 49 insertions(+)
 create mode 100644 solutions/act-03-git-homework/t3-rebase.txt

 git log --oneline --decorate --graph --all
>> 
* 42683be (HEAD -> master) third commit on homework
* 9ad1a79 (origin/master) first_2task
| * 9dd331a (topicHomework) second commit for homework
| * c091190 first commit for homework
|/  
| *   6dfd28e (refs/stash) WIP on topic: 41103f0 topic1
| |\  
| | * 8cdc89c index on topic: 41103f0 topic1
| |/  
| * 41103f0 (topic) topic1
|/  
* 6ca014f (task3, newBranch) fixed
* 2ab3bf8 Initial commit
* b337b99 prv task

git switch topicHomework
Switched to branch 'topicHomework'

git rebase master
>>
Auto-merging solutions/act-03-git-homework/t3-rebase.txt
CONFLICT (content): Merge conflict in solutions/act-03-git-homework/t3-rebase.txt
error: could not apply 9dd331a... second commit for homework
hint: Resolve all conflicts manually, mark them as resolved with
hint: "git add/rm <conflicted_files>", then run "git rebase --continue".
hint: You can instead skip this commit: run "git rebase --skip".
hint: To abort and get back to the state before "git rebase", run "git rebase --abort".
hint: Disable this message with "git config set advice.mergeConflict false"
Could not apply 9dd331a... second commit for homework

git status
interactive rebase in progress; onto 42683be
Last commands done (2 commands done):
   pick c091190 first commit for homework
   pick 9dd331a second commit for homework
No commands remaining.
You are currently rebasing branch 'topicHomework' on '42683be'.
  (fix conflicts and then run "git rebase --continue")
  (use "git rebase --skip" to skip this patch)
  (use "git rebase --abort" to check out the original branch)

Unmerged paths:
  (use "git restore --staged <file>..." to unstage)
  (use "git add <file>..." to mark resolution)
        both modified:   t3-rebase.txt

Untracked files:
  (use "git add <file>..." to include in what will be committed)
        ../act-02-git-lab/t3-merge.txt
        ../act-02-git-lab/t5-remotes.txt

no changes added to commit (use "git add" and/or "git commit -a")
PS C:\Users\User\OneDrive\Десктоп\kiii_1\solutions\act-03-git-homework> git rebase --conntinue
error: unknown option `conntinue'
usage: git rebase [-i] [options] [--exec <cmd>] [--onto <newbase> | --keep-base] [<upstream> [<branch>]]
   or: git rebase [-i] [options] [--exec <cmd>] [--onto <newbase>] --root [<branch>]
   or: git rebase --continue | --abort | --skip | --edit-todo

    --[no-]onto <revision>
                          rebase onto given branch instead of upstream
    --[no-]keep-base      use the merge-base of upstream and branch as the current base
    --no-verify           allow pre-rebase hook to run
    --verify              opposite of --no-verify
    -q, --[no-]quiet      be quiet. implies --no-stat
    -v, --[no-]verbose    display a diffstat of what changed upstream
    -n, --no-stat         do not show diffstat of what changed upstream
    --stat                opposite of --no-stat
    --[no-]signoff        add a Signed-off-by trailer to each commit
    --[no-]committer-date-is-author-date
                          make committer date match author date
    --[no-]reset-author-date
                          ignore author date and use current date
    -C <n>                passed to 'git apply'
    --[no-]ignore-whitespace
                          ignore changes in whitespace
    --[no-]whitespace <action>
                          passed to 'git apply'
    -f, --[no-]force-rebase
                          cherry-pick all commits, even if unchanged
    --no-ff               cherry-pick all commits, even if unchanged
    --ff                  opposite of --no-ff
    --continue            continue
    --skip                skip current patch and continue
    --abort               abort and check out the original branch
    --quit                abort but keep HEAD where it is
    --edit-todo           edit the todo list during an interactive rebase
    --show-current-patch  show the patch file being applied or merged
    --apply               use apply strategies to rebase
    -m, --merge           use merging strategies to rebase
    -i, --interactive     let the user edit the list of commits to rebase
    --[no-]rerere-autoupdate
                          update the index with reused conflict resolution if possible
    --empty (drop|keep|stop)
                          how to handle commits that become empty
    --[no-]autosquash     move commits that begin with squash!/fixup! under -i
    --[no-]update-refs    update branches that point to commits that are being rebased
    -S, --[no-]gpg-sign[=<key-id>]
                          GPG-sign commits
    --[no-]autostash      automatically stash/stash pop before and after
    -x, --[no-]exec <exec>
                          add exec lines after each commit of the editable list
    -r, --[no-]rebase-merges[=<mode>]
                          try to rebase merges instead of skipping them
    --[no-]fork-point     use 'merge-base --fork-point' to refine upstream
    -s, --[no-]strategy <strategy>
                          use the given merge strategy
    -X, --[no-]strategy-option <option>
                          pass the argument through to the merge strategy
    --[no-]root           rebase all reachable commits up to the root(s)
    --[no-]reschedule-failed-exec
                          automatically re-schedule any `exec` that fails
    --[no-]reapply-cherry-picks
                          apply all changes, even those already present upstream

PS C:\Users\User\OneDrive\Десктоп\kiii_1\solutions\act-03-git-homework> git rebase --continue
solutions/act-03-git-homework/t3-rebase.txt: needs merge
You must edit all merge conflicts and then
mark them as resolved using git add
PS C:\Users\User\OneDrive\Десктоп\kiii_1\solutions\act-03-git-homework> git add .\t3-rebase.txt
PS C:\Users\User\OneDrive\Десктоп\kiii_1\solutions\act-03-git-homework> git rebase --continue
[detached HEAD 379289a] second commit for homework
 1 file changed, 75 insertions(+), 1 deletion(-)
Successfully rebased and updated refs/heads/topicHomework.
PS C:\Users\User\OneDrive\Десктоп\kiii_1\solutions\act-03-git-homework> git switch master
Switched to branch 'master'
Your branch is ahead of 'origin/master' by 1 commit.
  (use "git push" to publish your local commits)
PS C:\Users\User\OneDrive\Десктоп\kiii_1\solutions\act-03-git-homework> git pull
remote: Enumerating objects: 59, done.
remote: Counting objects: 100% (59/59), done.
remote: Compressing objects: 100% (19/19), done.
remote: Total 59 (delta 15), reused 58 (delta 14), pack-reused 0 (from 0)
Unpacking objects: 100% (59/59), 5.23 KiB | 16.00 KiB/s, done.
From https://github.com/sandraivanova/Sandra_KIII_Lab1
 * [new branch]      main       -> origin/main
Already up to date.
PS C:\Users\User\OneDrive\Десктоп\kiii_1\solutions\act-03-git-homework> git switch topicHomework
Switched to branch 'topicHomework'
PS C:\Users\User\OneDrive\Десктоп\kiii_1\solutions\act-03-git-homework> git log --oneline --decorate --graph --all
>>
* 379289a (HEAD -> topicHomework) second commit for homework
* 60c0142 first commit for homework
* 42683be (master) third commit on homework
* 9ad1a79 (origin/master) first_2task
| *   6dfd28e (refs/stash) WIP on topic: 41103f0 topic1
| |\
| | * 8cdc89c index on topic: 41103f0 topic1
| |/
| * 41103f0 (topic) topic1
|/
* 6ca014f (task3, newBranch) fixed
* 2ab3bf8 Initial commit
* b337b99 prv task
* d0163dd (origin/main, origin/HEAD) Commit3d the forgoten changes
* 7e5f1bf Commitd the remote Github changes
* 4591c93 Final commit
*   7f7ef98 Resolved conflicts
|\
| * c0c2b6b Added commit changes
* | e23621a Added changes