git branch
* master

 git checkout -b newBranch 
Switched to a new branch 'newBranch'

git add act-02-git-lab
PS C:\Users\User\OneDrive\Десктоп\kiii_1\solutions> git commit -m "first_2task"
[master 9ad1a79] first_2task
 1 file changed, 0 insertions(+), 0 deletions(-)
 create mode 100644 solutions/act-02-git-lab/t1-branching-basics.txt
PS C:\Users\User\OneDrive\Десктоп\kiii_1\solutions> git status
On branch master
Changes not staged for commit:
  (use "git add <file>..." to update what will be committed)
  (use "git restore <file>..." to discard changes in working directory)
        modified:   act-01-git-understanding/t5-init-add-commit.txt
        modified:   act-01-git-understanding/t9-undo.txt

no changes added to commit (use "git add" and/or "git commit -a")
PS C:\Users\User\OneDrive\Десктоп\kiii_1\solutions> git switch newBranch
M       solutions/act-01-git-understanding/t5-init-add-commit.txt
M       solutions/act-01-git-understanding/t9-undo.txt
Switched to branch 'newBranch'
PS C:\Users\User\OneDrive\Десктоп\kiii_1\solutions> git commit -m "second_2task"
On branch newBranch
Changes not staged for commit:
  (use "git add <file>..." to update what will be committed)
  (use "git restore <file>..." to discard changes in working directory)
        modified:   act-01-git-understanding/t5-init-add-commit.txt
        modified:   act-01-git-understanding/t9-undo.txt

no changes added to commit (use "git add" and/or "git commit -a")
PS C:\Users\User\OneDrive\Десктоп\kiii_1\solutions> 