git add .\solutions\act-02-git-lab\t3-merge.txt

git commit -m "Added files t3-merge"
[main 1082e73] Added files t3-merge
 1 file changed, 0 insertions(+), 0 deletions(-)
 create mode 100644 solutions/act-02-git-lab/t3-merge.txt

 git branch topic
PS C:\Users\User\OneDrive\Десктоп\test> git branch
  branch-1
* main
  topic
PS C:\Users\User\OneDrive\Десктоп\test> git checkout -b topic
fatal: a branch named 'topic' already exists
PS C:\Users\User\OneDrive\Десктоп\test> git checkout topic   
Switched to branch 'topic'
PS C:\Users\User\OneDrive\Десктоп\test> git status 
On branch topic
nothing to commit, working tree clean

 git checkout main 
Switched to branch 'main'

git merge topic
Auto-merging solutions/act-02-git-lab/t3-merge.txt
CONFLICT (content): Merge conflict in solutions/act-02-git-lab/t3-merge.txt
Automatic merge failed; fix conflicts and then commit the result.
PS C:\Users\User\OneDrive\Десктоп\test> git log --oneline --decorate --graph --all
* e23621a (HEAD -> main) Added changes
| * c0c2b6b (topic) Added commit changes
Auto-merging solutions/act-02-git-lab/t3-merge.txt
CONFLICT (content): Merge conflict in solutions/act-02-git-lab/t3-merge.txt
Automatic merge failed; fix conflicts and then commit the result.
PS C:\Users\User\OneDrive\Десктоп\test> git log --oneline --decorate --graph --all
* e23621a (HEAD -> main) Added changes
| * c0c2b6b (topic) Added commit changes
|/
* 1e94229 Addded logs
PS C:\Users\User\OneDrive\Десктоп\test> git log --oneline --decorate --graph --all
* e23621a (HEAD -> main) Added changes
| * c0c2b6b (topic) Added commit changes
| * c0c2b6b (topic) Added commit changes
|/
* 1e94229 Addded logs
* 1082e73 Added files t3-merge
* 1e94229 Addded logs
* 1082e73 Added files t3-merge
* 4c73926 Commiting the swictching of the branches
* 4c73926 Commiting the swictching of the branches
* c8ff22f Added commands to txt file
* 80aad68 Second commit with the modifed file
* ac59246 (branch-1) Initial commit
PS C:\Users\User\OneDrive\Десктоп\test> git commit -m "Resolved conflicts"
[main 7f7ef98] Resolved conflicts
PS C:\Users\User\OneDrive\Десктоп\test> git log --oneline --decorate --graph --all
*   7f7ef98 (HEAD -> main) Resolved conflicts
|\
| * c0c2b6b (topic) Added commit changes
* | e23621a Added changes
|/
* 1e94229 Addded logs
* 1082e73 Added files t3-merge
* 4c73926 Commiting the swictching of the branches
* c8ff22f Added commands to txt file
* 80aad68 Second commit with the modifed file
* ac59246 (branch-1) Initial commit